<html>
<body>
<pre>
<h1>µVision Build Log</h1>
<h2>Tool Versions:</h2>
IDE-Version: ¶ÃVision V5.34.0.0
Copyright (C) 2021 ARM Ltd and ARM Germany GmbH. All rights reserved.
License Information: \ Administrator,  , LIC=GMZI6-DZPXZ-CXTU6-D5KDZ-VZYP8-MQWFK
 
Tool Versions:
Toolchain:       MDK-ARM Plus  Version: 5.34.0.0
Toolchain Path:  D:\01_Embedded\04_Tool\keil5\ARM\ARMCC\Bin
C Compiler:      Armcc.exe V5.06 update 7 (build 960)
Assembler:       Armasm.exe V5.06 update 7 (build 960)
Linker/Locator:  ArmLink.exe V5.06 update 7 (build 960)
Library Manager: ArmAr.exe V5.06 update 7 (build 960)
Hex Converter:   FromElf.exe V5.06 update 7 (build 960)
CPU DLL:         SARMCM3.DLL V5.34.0.0
Dialog DLL:      DCM.DLL V1.17.3.0
Target DLL:      CMSIS_AGDI.dll V1.32.13.0
Dialog DLL:      TCM.DLL V1.48.0.0
 
<h2>Project:</h2>
D:\01_Embedded\01_Project\Ota_Iap_Remote_Upgrade_260301\IAP_OTA_Remote_Upgrade\MDK-ARM\IAP_OTA_Remote_Upgrade.uvprojx
Project File Date:  03/20/2026

<h2>Output:</h2>
*** Using Compiler 'V5.06 update 7 (build 960)', folder: 'D:\01_Embedded\04_Tool\keil5\ARM\ARMCC\Bin'
Build target 'IAP_OTA_Remote_Upgrade'
compiling flash_manage.c...
..\Core\Src\flash_manage.c(238): warning:  #870-D: invalid multibyte character sequence
      printf("BootÂå?:    0x%08X - 0x%08X (%3d KB)\r\n", 
..\Core\Src\flash_manage.c(240): warning:  #870-D: invalid multibyte character sequence
      printf("ÂèÇÊï∞Âå?:    0x%08X - 0x%08X (%3d KB)\r\n", 
..\Core\Src\flash_manage.c(242): warning:  #870-D: invalid multibyte character sequence
      printf("ËøêË°åÂå?:    0x%08X - 0x%08X (%3d KB)\r\n", 
..\Core\Src\flash_manage.c(244): warning:  #870-D: invalid multibyte character sequence
      printf("AÂ≠òÂÇ®Âå?:   0x%08X - 0x%08X (%3d KB)\r\n", 
..\Core\Src\flash_manage.c(246): warning:  #870-D: invalid multibyte character sequence
      printf("BÂ≠òÂÇ®Âå?:   0x%08X - 0x%08X (%3d KB)\r\n", 
..\Core\Src\flash_manage.c(248): warning:  #870-D: invalid multibyte character sequence
      printf("È¢ÑÁïôÂå?:    0x%08X - 0x%08X (%3d KB)\r\n", 
..\Core\Src\flash_manage.c: 6 warnings, 0 errors
compiling main.c...
linking...
Program Size: Code=13384 RO-data=1380 RW-data=52 ZI-data=2500  
FromELF: creating hex file...
"IAP_OTA_Remote_Upgrade\IAP_OTA_Remote_Upgrade.axf" - 0 Error(s), 6 Warning(s).

<h2>Software Packages used:</h2>

Package Vendor: ARM
                http://www.keil.com/pack/ARM.CMSIS.5.7.0.pack
                ARM.CMSIS.5.7.0
                CMSIS (Cortex Microcontroller Software Interface Standard)
   * Component: CORE Version: 5.4.0

Package Vendor: Keil
                http://www.keil.com/pack/Keil.STM32F4xx_DFP.2.15.0.pack
                Keil.STM32F4xx_DFP.2.15.0
                STMicroelectronics STM32F4 Series Device Support, Drivers and Examples

<h2>Collection of Component include folders:</h2>
  .\RTE\_IAP_OTA_Remote_Upgrade
  D:\01_Embedded\04_Tool\keil5\Packs\ARM\CMSIS\5.7.0\CMSIS\Core\Include
  D:\01_Embedded\04_Tool\keil5\Packs\Keil\STM32F4xx_DFP\2.15.0\Drivers\CMSIS\Device\ST\STM32F4xx\Include

<h2>Collection of Component Files used:</h2>

   * Component: ARM::CMSIS:CORE:5.4.0
Build Time Elapsed:  00:00:02
</pre>
</body>
</html>
