<html>
<body>
<pre>
<h1>µVision Build Log</h1>
<h2>Tool Versions:</h2>
IDE-Version: ¦ÌVision V5.34.0.0
Copyright (C) 2021 ARM Ltd and ARM Germany GmbH. All rights reserved.
License Information: \ Administrator,  , LIC=GMZI6-DZPXZ-CXTU6-D5KDZ-VZYP8-MQWFK
 
Tool Versions:
Toolchain:       MDK-ARM Plus  Version: 5.34.0.0
Toolchain Path:  D:\01_Embedded\04_Tool\keil5\ARM\ARMCC\Bin
C Compiler:      Armcc.exe V5.06 update 7 (build 960)
Assembler:       Armasm.exe V5.06 update 7 (build 960)
Linker/Locator:  ArmLink.exe V5.06 update 7 (build 960)
Library Manager: ArmAr.exe V5.06 update 7 (build 960)
Hex Converter:   FromElf.exe V5.06 update 7 (build 960)
CPU DLL:         SARMCM3.DLL V5.34.0.0
Dialog DLL:      DCM.DLL V1.17.3.0
Target DLL:      CMSIS_AGDI.dll V1.32.13.0
Dialog DLL:      TCM.DLL V1.48.0.0
 
<h2>Project:</h2>
D:\01_Embedded\01_Project\Ota_Iap_Remote_Upgrade_260301\APP_STM32ZGT6_Hal_20260320\MDK-ARM\Template_STM32ZGT6_20260320.uvprojx
Project File Date:  03/23/2026

<h2>Output:</h2>
*** Using Compiler 'V5.06 update 7 (build 960)', folder: 'D:\01_Embedded\04_Tool\keil5\ARM\ARMCC\Bin'
Build target 'Template_STM32ZGT6_20260320'
compiling event_groups.c...
compiling list.c...
compiling croutine.c...
compiling heap_4.c...
compiling timers.c...
compiling tasks.c...
compiling port.c...
compiling stream_buffer.c...
compiling queue.c...
compiling main.c...
compiling freertos.c...
compiling cmsis_os2.c...
linking...
Program Size: Code=14716 RO-data=676 RW-data=164 ZI-data=17348  
FromELF: creating hex file...
"Template_STM32ZGT6_20260320\Template_STM32ZGT6_20260320.axf" - 0 Error(s), 0 Warning(s).

<h2>Software Packages used:</h2>

Package Vendor: ARM
                http://www.keil.com/pack/ARM.CMSIS.5.7.0.pack
                ARM.CMSIS.5.7.0
                CMSIS (Cortex Microcontroller Software Interface Standard)
   * Component: CORE Version: 5.4.0

Package Vendor: Keil
                http://www.keil.com/pack/Keil.STM32F4xx_DFP.2.15.0.pack
                Keil.STM32F4xx_DFP.2.15.0
                STMicroelectronics STM32F4 Series Device Support, Drivers and Examples

<h2>Collection of Component include folders:</h2>
  .\RTE\_Template_STM32ZGT6_20260320
  D:\01_Embedded\04_Tool\keil5\Packs\ARM\CMSIS\5.7.0\CMSIS\Core\Include
  D:\01_Embedded\04_Tool\keil5\Packs\Keil\STM32F4xx_DFP\2.15.0\Drivers\CMSIS\Device\ST\STM32F4xx\Include

<h2>Collection of Component Files used:</h2>

   * Component: ARM::CMSIS:CORE:5.4.0
      Include file:  CMSIS\Core\Include\tz_context.h
Build Time Elapsed:  00:00:04
</pre>
</body>
</html>
